\BOOKMARK [1][-]{section.1}{\376\377\000P\000u\000r\000p\000o\000s\000e\000\040\000a\000n\000d\000\040\000c\000o\000n\000t\000i\000n\000u\000i\000t\000y\000\040\000w\000i\000t\000h\000\040\000T\000o\000r\000i\000c\000G\000T\000\040\000I\040\023\000I\000I\000I}{}% 1
\BOOKMARK [2][-]{subsection.1.1}{\376\377\000T\000h\000e\000\040\000f\000o\000u\000r\000t\000h\000\040\000p\000r\000o\000b\000l\000e\000m}{section.1}% 2
\BOOKMARK [2][-]{subsection.1.2}{\376\377\000R\000e\000l\000a\000t\000i\000o\000n\000\040\000t\000o\000\040\000T\000o\000r\000i\000c\000G\000T\000\040\000I}{section.1}% 3
\BOOKMARK [2][-]{subsection.1.3}{\376\377\000R\000e\000l\000a\000t\000i\000o\000n\000\040\000t\000o\000\040\000T\000o\000r\000i\000c\000G\000T\000\040\000I\000I}{section.1}% 4
\BOOKMARK [2][-]{subsection.1.4}{\376\377\000R\000e\000l\000a\000t\000i\000o\000n\000\040\000t\000o\000\040\000T\000o\000r\000i\000c\000G\000T\000\040\000I\000I\000I}{section.1}% 5
\BOOKMARK [2][-]{subsection.1.5}{\376\377\000C\000o\000n\000t\000r\000i\000b\000u\000t\000i\000o\000n\000s}{section.1}% 6
\BOOKMARK [1][-]{section.2}{\376\377\000T\000h\000e\000\040\000t\000r\000a\000j\000e\000c\000t\000o\000r\000y\000\040\000o\000b\000j\000e\000c\000t\000\040\000a\000n\000d\000\040\000i\000t\000s\000\040\000p\000r\000o\000p\000e\000r\000t\000y\000\040\000s\000p\000a\000c\000e}{}% 7
\BOOKMARK [2][-]{subsection.2.1}{\376\377\000T\000r\000a\000j\000e\000c\000t\000o\000r\000y\000\040\000p\000a\000c\000k\000e\000t\000s}{section.2}% 8
\BOOKMARK [2][-]{subsection.2.2}{\376\377\000A\000t\000o\000m\000i\000c\000\040\000p\000r\000o\000p\000e\000r\000t\000i\000e\000s}{section.2}% 9
\BOOKMARK [2][-]{subsection.2.3}{\376\377\000P\000r\000o\000p\000e\000r\000t\000y\000\040\000p\000o\000s\000e\000t\000s\000\040\000a\000n\000d\000\040\000c\000o\000m\000p\000a\000t\000i\000b\000i\000l\000i\000t\000y\000\040\000c\000o\000m\000p\000l\000e\000x\000e\000s}{section.2}% 10
\BOOKMARK [2][-]{subsection.2.4}{\376\377\000T\000o\000r\000i\000c\000\040\000p\000r\000o\000p\000e\000r\000t\000y\000\040\000p\000o\000l\000y\000t\000o\000p\000e\000s}{section.2}% 11
\BOOKMARK [1][-]{section.3}{\376\377\000O\000r\000a\000c\000l\000e\000\040\000a\000r\000c\000h\000i\000t\000e\000c\000t\000u\000r\000e\000s}{}% 12
\BOOKMARK [2][-]{subsection.3.1}{\376\377\000A\000d\000d\000i\000t\000i\000o\000n\000a\000l\000\040\000o\000r\000a\000c\000l\000e\000\040\000h\000e\000a\000d}{section.3}% 13
\BOOKMARK [2][-]{subsection.3.2}{\376\377\000F\000u\000l\000l\000\040\000o\000r\000a\000c\000l\000e\000\040\000t\000r\000a\000n\000s\000f\000o\000r\000m\000e\000r}{section.3}% 14
\BOOKMARK [2][-]{subsection.3.3}{\376\377\000H\000e\000a\000d\000\040\000v\000e\000r\000s\000u\000s\000\040\000f\000u\000l\000l\000\040\000o\000r\000a\000c\000l\000e}{section.3}% 15
\BOOKMARK [1][-]{section.4}{\376\377\000M\000a\000t\000h\000e\000m\000a\000t\000i\000c\000a\000l\000\040\000f\000o\000u\000n\000d\000a\000t\000i\000o\000n\000s}{}% 16
\BOOKMARK [2][-]{subsection.4.1}{\376\377\000E\000q\000u\000i\000v\000a\000r\000i\000a\000n\000c\000e\000\040\000a\000n\000d\000\040\000i\000n\000v\000a\000r\000i\000a\000n\000c\000e}{section.4}% 17
\BOOKMARK [2][-]{subsection.4.2}{\376\377\000P\000r\000o\000p\000e\000r\000\040\000s\000c\000o\000r\000i\000n\000g\000\040\000a\000n\000d\000\040\000c\000a\000l\000i\000b\000r\000a\000t\000i\000o\000n}{section.4}% 18
\BOOKMARK [2][-]{subsection.4.3}{\376\377\000B\000i\000t\000s\000-\000p\000e\000r\000-\000b\000y\000t\000e\000\040\000s\000i\000d\000e\000-\000i\000n\000f\000o\000r\000m\000a\000t\000i\000o\000n\000\040\000t\000h\000e\000o\000r\000e\000m}{section.4}% 19
\BOOKMARK [2][-]{subsection.4.4}{\376\377\000P\000r\000o\000p\000e\000r\000t\000y\000\040\000p\000o\000s\000e\000t\000\040\000p\000r\000o\000j\000e\000c\000t\000i\000o\000n}{section.4}% 20
\BOOKMARK [2][-]{subsection.4.5}{\376\377\000S\000h\000e\000a\000f\000\040\000o\000f\000\040\000l\000o\000c\000a\000l\000\040\000t\000r\000a\000j\000e\000c\000t\000o\000r\000y\000\040\000j\000u\000d\000g\000m\000e\000n\000t\000s}{section.4}% 21
\BOOKMARK [2][-]{subsection.4.6}{\376\377\000P\000e\000r\000s\000i\000s\000t\000e\000n\000c\000e\000\040\000s\000t\000a\000b\000i\000l\000i\000t\000y\000\040\000f\000o\000r\000\040\000t\000r\000a\000j\000e\000c\000t\000o\000r\000y\000\040\000c\000l\000a\000s\000s\000i\000f\000i\000c\000a\000t\000i\000o\000n}{section.4}% 22
\BOOKMARK [2][-]{subsection.4.7}{\376\377\000T\000o\000r\000i\000c\000\040\000c\000h\000a\000m\000b\000e\000r\000\040\000s\000t\000a\000b\000i\000l\000i\000t\000y\000\040\000a\000n\000d\000\040\000q\000u\000a\000n\000t\000i\000z\000a\000t\000i\000o\000n}{section.4}% 23
\BOOKMARK [2][-]{subsection.4.8}{\376\377\000O\000r\000a\000c\000l\000e\000-\000g\000u\000i\000d\000e\000d\000\040\000p\000o\000l\000i\000c\000y\000\040\000i\000m\000p\000r\000o\000v\000e\000m\000e\000n\000t}{section.4}% 24
\BOOKMARK [2][-]{subsection.4.9}{\376\377\000E\000r\000g\000o\000d\000i\000c\000\040\000o\000r\000a\000c\000l\000e\000\040\000o\000c\000c\000u\000p\000a\000n\000c\000y}{section.4}% 25
\BOOKMARK [1][-]{section.5}{\376\377\000L\000a\000b\000e\000l\000\040\000c\000o\000n\000s\000t\000r\000u\000c\000t\000i\000o\000n\000\040\000a\000n\000d\000\040\000s\000u\000p\000e\000r\000v\000i\000s\000i\000o\000n\000\040\000s\000o\000u\000r\000c\000e\000s}{}% 26
\BOOKMARK [2][-]{subsection.5.1}{\376\377\000L\000a\000b\000e\000l\000\040\000t\000a\000x\000o\000n\000o\000m\000y}{section.5}% 27
\BOOKMARK [2][-]{subsection.5.2}{\376\377\000H\000u\000m\000a\000n\000\040\000l\000a\000b\000e\000l\000s\000,\000\040\000v\000e\000r\000i\000f\000i\000e\000r\000\040\000l\000a\000b\000e\000l\000s\000,\000\040\000a\000n\000d\000\040\000w\000e\000a\000k\000\040\000l\000a\000b\000e\000l\000s}{section.5}% 28
\BOOKMARK [2][-]{subsection.5.3}{\376\377\000S\000y\000n\000t\000h\000e\000t\000i\000c\000\040\000c\000e\000r\000t\000i\000f\000i\000c\000a\000t\000e\000\040\000l\000a\000b\000e\000l\000s}{section.5}% 29
\BOOKMARK [2][-]{subsection.5.4}{\376\377\000C\000o\000n\000t\000r\000a\000s\000t\000i\000v\000e\000\040\000p\000a\000i\000r\000s}{section.5}% 30
\BOOKMARK [1][-]{section.6}{\376\377\000T\000r\000a\000i\000n\000i\000n\000g\000\040\000o\000b\000j\000e\000c\000t\000i\000v\000e\000s}{}% 31
\BOOKMARK [2][-]{subsection.6.1}{\376\377\000C\000o\000r\000e\000\040\000s\000u\000p\000e\000r\000v\000i\000s\000e\000d\000\040\000o\000r\000a\000c\000l\000e\000\040\000o\000b\000j\000e\000c\000t\000i\000v\000e}{section.6}% 32
\BOOKMARK [2][-]{subsection.6.2}{\376\377\000S\000t\000r\000u\000c\000t\000u\000r\000e\000d\000\040\000o\000r\000a\000c\000l\000e\000\040\000l\000o\000s\000s}{section.6}% 33
\BOOKMARK [2][-]{subsection.6.3}{\376\377\000T\000r\000a\000j\000e\000c\000t\000o\000r\000y\000\040\000c\000o\000n\000t\000r\000a\000s\000t\000i\000v\000e\000\040\000o\000b\000j\000e\000c\000t\000i\000v\000e}{section.6}% 34
\BOOKMARK [2][-]{subsection.6.4}{\376\377\000O\000r\000a\000c\000l\000e\000-\000t\000o\000-\000b\000a\000s\000e\000\040\000d\000i\000s\000t\000i\000l\000l\000a\000t\000i\000o\000n}{section.6}% 35
\BOOKMARK [1][-]{section.7}{\376\377\000U\000s\000i\000n\000g\000\040\000t\000h\000e\000\040\000o\000r\000a\000c\000l\000e\000\040\000t\000o\000\040\000i\000m\000p\000r\000o\000v\000e\000\040\000t\000h\000e\000\040\000m\000o\000d\000e\000l}{}% 36
\BOOKMARK [2][-]{subsection.7.1}{\376\377\000D\000a\000t\000a\000\040\000s\000e\000l\000e\000c\000t\000i\000o\000n\000\040\000a\000n\000d\000\040\000r\000e\000j\000e\000c\000t\000i\000o\000n\000\040\000s\000a\000m\000p\000l\000i\000n\000g}{section.7}% 37
\BOOKMARK [2][-]{subsection.7.2}{\376\377\000L\000o\000s\000s\000\040\000r\000e\000w\000e\000i\000g\000h\000t\000i\000n\000g}{section.7}% 38
\BOOKMARK [2][-]{subsection.7.3}{\376\377\000P\000r\000e\000f\000e\000r\000e\000n\000c\000e\000\040\000o\000p\000t\000i\000m\000i\000z\000a\000t\000i\000o\000n}{section.7}% 39
\BOOKMARK [2][-]{subsection.7.4}{\376\377\000G\000F\000l\000o\000w\000N\000e\000t\000\040\000a\000n\000d\000\040\000g\000r\000a\000p\000h\000-\000o\000f\000-\000t\000h\000o\000u\000g\000h\000t\000\040\000r\000e\000w\000a\000r\000d\000\040\000s\000h\000a\000p\000i\000n\000g}{section.7}% 40
\BOOKMARK [2][-]{subsection.7.5}{\376\377\000R\000e\000t\000r\000i\000e\000v\000a\000l\000\040\000a\000n\000d\000\040\000m\000e\000m\000o\000r\000y\000\040\000g\000a\000t\000e\000s}{section.7}% 41
\BOOKMARK [2][-]{subsection.7.6}{\376\377\000M\000C\000P\000\040\000t\000o\000o\000l\000-\000c\000a\000l\000l\000\040\000g\000a\000t\000i\000n\000g}{section.7}% 42
\BOOKMARK [2][-]{subsection.7.7}{\376\377\000T\000e\000s\000t\000-\000t\000i\000m\000e\000\040\000s\000t\000e\000e\000r\000i\000n\000g}{section.7}% 43
\BOOKMARK [1][-]{section.8}{\376\377\000T\000o\000r\000i\000c\000,\000\040\000s\000h\000e\000a\000f\000,\000\040\000a\000n\000d\000\040\000r\000e\000p\000r\000e\000s\000e\000n\000t\000a\000t\000i\000o\000n\000-\000t\000h\000e\000o\000r\000e\000t\000i\000c\000\040\000r\000e\000f\000i\000n\000e\000m\000e\000n\000t\000s}{}% 44
\BOOKMARK [2][-]{subsection.8.1}{\376\377\000C\000o\000x\000-\000c\000o\000o\000r\000d\000i\000n\000a\000t\000e\000\040\000b\000e\000h\000a\000v\000i\000o\000r\000\040\000c\000o\000d\000e\000s}{section.8}% 45
\BOOKMARK [2][-]{subsection.8.2}{\376\377\000V\000e\000c\000t\000o\000r\000\040\000b\000u\000n\000d\000l\000e\000s\000\040\000o\000f\000\040\000b\000e\000h\000a\000v\000i\000o\000r\000a\000l\000\040\000m\000o\000d\000e\000s}{section.8}% 46
\BOOKMARK [2][-]{subsection.8.3}{\376\377\000D\000i\000f\000f\000e\000r\000e\000n\000t\000i\000a\000l\000\040\000f\000o\000r\000m\000s\000\040\000f\000o\000r\000\040\000d\000r\000i\000f\000t\000\040\000a\000n\000d\000\040\000p\000a\000t\000h\000\040\000d\000e\000p\000e\000n\000d\000e\000n\000c\000e}{section.8}% 47
\BOOKMARK [2][-]{subsection.8.4}{\376\377\000Y\000o\000u\000n\000g\000\040\000t\000a\000b\000l\000e\000a\000u\000x\000\040\000a\000n\000d\000\040\000r\000e\000p\000r\000e\000s\000e\000n\000t\000a\000t\000i\000o\000n\000-\000t\000h\000e\000o\000r\000e\000t\000i\000c\000\040\000l\000a\000b\000e\000l\000s}{section.8}% 48
\BOOKMARK [1][-]{section.9}{\376\377\000O\000r\000a\000c\000l\000e\000\040\000t\000r\000a\000i\000n\000i\000n\000g\000\040\000s\000c\000h\000e\000d\000u\000l\000e}{}% 49
\BOOKMARK [2][-]{subsection.9.1}{\376\377\000S\000t\000a\000g\000e\000\040\0000\000:\000\040\000a\000u\000d\000i\000t\000-\000o\000n\000l\000y}{section.9}% 50
\BOOKMARK [2][-]{subsection.9.2}{\376\377\000S\000t\000a\000g\000e\000\040\0001\000:\000\040\000f\000r\000o\000z\000e\000n\000\040\000h\000e\000a\000d}{section.9}% 51
\BOOKMARK [2][-]{subsection.9.3}{\376\377\000S\000t\000a\000g\000e\000\040\0002\000:\000\040\000a\000d\000a\000p\000t\000e\000r\000\040\000o\000r\000a\000c\000l\000e}{section.9}% 52
\BOOKMARK [2][-]{subsection.9.4}{\376\377\000S\000t\000a\000g\000e\000\040\0003\000:\000\040\000f\000u\000l\000l\000\040\000o\000r\000a\000c\000l\000e\000\040\000t\000r\000a\000n\000s\000f\000o\000r\000m\000e\000r}{section.9}% 53
\BOOKMARK [2][-]{subsection.9.5}{\376\377\000S\000t\000a\000g\000e\000\040\0004\000:\000\040\000d\000i\000s\000t\000i\000l\000l\000a\000t\000i\000o\000n\000\040\000a\000n\000d\000\040\000p\000r\000o\000m\000o\000t\000i\000o\000n}{section.9}% 54
\BOOKMARK [1][-]{section.10}{\376\377\000I\000m\000p\000l\000e\000m\000e\000n\000t\000a\000t\000i\000o\000n\000\040\000b\000l\000u\000e\000p\000r\000i\000n\000t}{}% 55
\BOOKMARK [2][-]{subsection.10.1}{\376\377\000T\000r\000a\000j\000e\000c\000t\000o\000r\000y\000\040\000r\000e\000c\000o\000r\000d\000\040\000s\000c\000h\000e\000m\000a}{section.10}% 56
\BOOKMARK [2][-]{subsection.10.2}{\376\377\000O\000r\000a\000c\000l\000e\000\040\000h\000e\000a\000d\000\040\000i\000n\000t\000e\000r\000f\000a\000c\000e}{section.10}% 57
\BOOKMARK [2][-]{subsection.10.3}{\376\377\000F\000u\000l\000l\000\040\000o\000r\000a\000c\000l\000e\000\040\000t\000r\000a\000n\000s\000f\000o\000r\000m\000e\000r\000\040\000i\000n\000t\000e\000r\000f\000a\000c\000e}{section.10}% 58
\BOOKMARK [2][-]{subsection.10.4}{\376\377\000M\000i\000n\000i\000m\000a\000l\000\040\000t\000r\000a\000i\000n\000i\000n\000g\000\040\000l\000o\000o\000p}{section.10}% 59
\BOOKMARK [1][-]{section.11}{\376\377\000E\000v\000a\000l\000u\000a\000t\000i\000o\000n\000\040\000a\000n\000d\000\040\000a\000b\000l\000a\000t\000i\000o\000n\000s}{}% 60
\BOOKMARK [2][-]{subsection.11.1}{\376\377\000O\000r\000a\000c\000l\000e\000\040\000m\000e\000t\000r\000i\000c\000s}{section.11}% 61
\BOOKMARK [2][-]{subsection.11.2}{\376\377\000M\000o\000d\000e\000l\000-\000i\000m\000p\000r\000o\000v\000e\000m\000e\000n\000t\000\040\000m\000e\000t\000r\000i\000c\000s}{section.11}% 62
\BOOKMARK [2][-]{subsection.11.3}{\376\377\000A\000b\000l\000a\000t\000i\000o\000n\000\040\000p\000r\000o\000t\000o\000c\000o\000l}{section.11}% 63
\BOOKMARK [1][-]{section.12}{\376\377\000C\000a\000t\000a\000l\000o\000g\000u\000e\000\040\000o\000f\000\040\000T\000o\000r\000i\000c\000G\000T\000\040\000I\000V\000\040\000o\000r\000a\000c\000l\000e\000\040\000o\000b\000j\000e\000c\000t\000i\000v\000e\000s}{}% 64
\BOOKMARK [2][-]{subsection.12.1}{\376\377\000C\000l\000a\000s\000s\000i\000f\000i\000e\000r\000\040\000a\000n\000d\000\040\000c\000a\000l\000i\000b\000r\000a\000t\000i\000o\000n\000\040\000o\000b\000j\000e\000c\000t\000i\000v\000e\000s}{section.12}% 65
\BOOKMARK [2][-]{subsection.12.2}{\376\377\000A\000l\000g\000e\000b\000r\000a\000i\000c\000\040\000a\000n\000d\000\040\000t\000o\000p\000o\000l\000o\000g\000i\000c\000a\000l\000\040\000o\000b\000j\000e\000c\000t\000i\000v\000e\000s}{section.12}% 66
\BOOKMARK [2][-]{subsection.12.3}{\376\377\000T\000r\000a\000i\000n\000i\000n\000g\000-\000c\000o\000n\000t\000r\000o\000l\000\040\000o\000b\000j\000e\000c\000t\000i\000v\000e\000s}{section.12}% 67
\BOOKMARK [1][-]{section.13}{\376\377\000P\000r\000a\000g\000m\000a\000t\000i\000c\000\040\000d\000e\000p\000l\000o\000y\000m\000e\000n\000t\000\040\000r\000u\000l\000e\000s}{}% 68
\BOOKMARK [2][-]{subsection.13.1}{\376\377\000W\000h\000e\000n\000\040\000t\000o\000\040\000d\000e\000p\000l\000o\000y\000\040\000a\000\040\000h\000e\000a\000d}{section.13}% 69
\BOOKMARK [2][-]{subsection.13.2}{\376\377\000W\000h\000e\000n\000\040\000t\000o\000\040\000k\000e\000e\000p\000\040\000i\000t\000\040\000t\000e\000a\000c\000h\000e\000r\000-\000s\000i\000d\000e}{section.13}% 70
\BOOKMARK [2][-]{subsection.13.3}{\376\377\000F\000a\000i\000l\000u\000r\000e\000\040\000m\000o\000d\000e\000s}{section.13}% 71
\BOOKMARK [1][-]{section.14}{\376\377\000C\000a\000p\000a\000c\000i\000t\000y\000\040\000t\000h\000e\000o\000r\000y\000\040\000f\000o\000r\000\040\000o\000r\000a\000c\000l\000e\000\040\000h\000e\000a\000d\000s\000\040\000a\000n\000d\000\040\000f\000u\000l\000l\000\040\000o\000r\000a\000c\000l\000e\000\040\000t\000r\000a\000n\000s\000f\000o\000r\000m\000e\000r\000s}{}% 72
\BOOKMARK [2][-]{subsection.14.1}{\376\377\000W\000h\000e\000n\000\040\000a\000\040\000h\000e\000a\000d\000\040\000i\000s\000\040\000e\000n\000o\000u\000g\000h}{section.14}% 73
\BOOKMARK [2][-]{subsection.14.2}{\376\377\000W\000h\000e\000n\000\040\000a\000\040\000f\000u\000l\000l\000\040\000o\000r\000a\000c\000l\000e\000\040\000i\000s\000\040\000n\000e\000c\000e\000s\000s\000a\000r\000y}{section.14}% 74
\BOOKMARK [1][-]{section.15}{\376\377\000A\000\040\000m\000u\000l\000t\000i\000g\000r\000a\000d\000e\000d\000\040\000a\000l\000g\000e\000b\000r\000a\000\040\000o\000f\000\040\000t\000r\000a\000j\000e\000c\000t\000o\000r\000y\000\040\000l\000a\000b\000e\000l\000s}{}% 75
\BOOKMARK [2][-]{subsection.15.1}{\376\377\000L\000a\000b\000e\000l\000\040\000r\000i\000n\000g\000s}{section.15}% 76
\BOOKMARK [2][-]{subsection.15.2}{\376\377\000R\000e\000s\000o\000l\000u\000t\000i\000o\000n\000-\000g\000u\000i\000d\000e\000d\000\040\000o\000r\000a\000c\000l\000e\000\040\000r\000e\000g\000u\000l\000a\000r\000i\000z\000a\000t\000i\000o\000n}{section.15}% 77
\BOOKMARK [1][-]{section.16}{\376\377\000O\000r\000a\000c\000l\000e\000\040\000c\000o\000n\000t\000r\000o\000l\000\040\000a\000s\000\040\000a\000\040\000c\000l\000o\000s\000e\000d\000-\000l\000o\000o\000p\000\040\000s\000y\000s\000t\000e\000m}{}% 78
\BOOKMARK [2][-]{subsection.16.1}{\376\377\000C\000o\000n\000t\000r\000o\000l\000l\000e\000d\000\040\000d\000y\000n\000a\000m\000i\000c\000s}{section.16}% 79
\BOOKMARK [2][-]{subsection.16.2}{\376\377\000S\000t\000a\000b\000i\000l\000i\000t\000y\000\040\000v\000e\000r\000s\000u\000s\000\040\000c\000a\000p\000a\000b\000i\000l\000i\000t\000y}{section.16}% 80
\BOOKMARK [1][-]{section.17}{\376\377\000L\000o\000n\000g\000-\000c\000o\000n\000t\000e\000x\000t\000\040\000o\000r\000a\000c\000l\000e\000\040\000c\000l\000a\000s\000s\000i\000f\000i\000c\000a\000t\000i\000o\000n}{}% 81
\BOOKMARK [2][-]{subsection.17.1}{\376\377\000C\000o\000n\000t\000e\000x\000t\000-\000w\000i\000n\000d\000o\000w\000\040\000t\000r\000a\000j\000e\000c\000t\000o\000r\000y\000\040\000t\000y\000p\000e\000s}{section.17}% 82
\BOOKMARK [2][-]{subsection.17.2}{\376\377\000T\000r\000o\000p\000i\000c\000a\000l\000\040\000r\000i\000n\000g\000\040\000a\000t\000t\000e\000n\000t\000i\000o\000n\000\040\000a\000s\000\040\000o\000r\000a\000c\000l\000e\000\040\000e\000v\000i\000d\000e\000n\000c\000e}{section.17}% 83
\BOOKMARK [1][-]{section.18}{\376\377\000D\000e\000t\000a\000i\000l\000e\000d\000\040\000u\000s\000e\000\040\000c\000a\000s\000e\000s}{}% 84
\BOOKMARK [2][-]{subsection.18.1}{\376\377\000M\000a\000t\000h\000e\000m\000a\000t\000i\000c\000a\000l\000\040\000p\000r\000o\000o\000f\000\040\000t\000r\000a\000j\000e\000c\000t\000o\000r\000i\000e\000s}{section.18}% 85
\BOOKMARK [2][-]{subsection.18.2}{\376\377\000C\000o\000d\000i\000n\000g\000-\000a\000g\000e\000n\000t\000\040\000t\000r\000a\000j\000e\000c\000t\000o\000r\000i\000e\000s}{section.18}% 86
\BOOKMARK [2][-]{subsection.18.3}{\376\377\000K\000n\000o\000w\000l\000e\000d\000g\000e\000-\000g\000r\000a\000p\000h\000\040\000q\000u\000e\000s\000t\000i\000o\000n\000\040\000a\000n\000s\000w\000e\000r\000i\000n\000g}{section.18}% 87
\BOOKMARK [2][-]{subsection.18.4}{\376\377\000M\000a\000r\000k\000d\000o\000w\000n\000\040\000m\000e\000m\000o\000r\000y\000\040\000a\000n\000d\000\040\000p\000e\000r\000s\000o\000n\000a\000\040\000s\000t\000a\000b\000i\000l\000i\000t\000y}{section.18}% 88
\BOOKMARK [2][-]{subsection.18.5}{\376\377\000S\000a\000f\000e\000t\000y\000\040\000a\000n\000d\000\040\000r\000e\000f\000u\000s\000a\000l\000\040\000t\000r\000a\000j\000e\000c\000t\000o\000r\000i\000e\000s}{section.18}% 89
\BOOKMARK [2][-]{subsection.18.6}{\376\377\000S\000c\000i\000e\000n\000t\000i\000f\000i\000c\000\040\000l\000i\000t\000e\000r\000a\000t\000u\000r\000e\000\040\000s\000y\000n\000t\000h\000e\000s\000i\000s}{section.18}% 90
\BOOKMARK [2][-]{subsection.18.7}{\376\377\000L\000o\000n\000g\000-\000c\000o\000n\000t\000e\000x\000t\000\040\000s\000u\000m\000m\000a\000r\000i\000z\000a\000t\000i\000o\000n}{section.18}% 91
\BOOKMARK [2][-]{subsection.18.8}{\376\377\000T\000o\000o\000l\000-\000a\000u\000g\000m\000e\000n\000t\000e\000d\000\040\000d\000a\000t\000a\000\040\000a\000n\000a\000l\000y\000s\000i\000s}{section.18}% 92
\BOOKMARK [2][-]{subsection.18.9}{\376\377\000M\000u\000l\000t\000i\000-\000a\000g\000e\000n\000t\000\040\000d\000e\000b\000a\000t\000e\000\040\000a\000n\000d\000\040\000v\000e\000r\000i\000f\000i\000e\000r\000\040\000l\000o\000o\000p\000s}{section.18}% 93
\BOOKMARK [2][-]{subsection.18.10}{\376\377\000B\000e\000h\000a\000v\000i\000o\000r\000-\000p\000r\000e\000s\000e\000r\000v\000i\000n\000g\000\040\000t\000r\000a\000n\000s\000l\000a\000t\000i\000o\000n\000\040\000o\000r\000\040\000r\000e\000w\000r\000i\000t\000i\000n\000g}{section.18}% 94
\BOOKMARK [1][-]{section.19}{\376\377\000E\000x\000t\000e\000n\000d\000e\000d\000\040\000c\000a\000t\000a\000l\000o\000g\000u\000e\000\040\000o\000f\000\040\000o\000r\000a\000c\000l\000e\000-\000d\000e\000r\000i\000v\000e\000d\000\040\000o\000b\000j\000e\000c\000t\000i\000v\000e\000s}{}% 95
\BOOKMARK [2][-]{subsection.19.1}{\376\377\000D\000a\000t\000a\000\040\000a\000n\000d\000\040\000l\000a\000b\000e\000l\000\040\000o\000b\000j\000e\000c\000t\000i\000v\000e\000s}{section.19}% 96
\BOOKMARK [2][-]{subsection.19.2}{\376\377\000C\000o\000n\000t\000r\000o\000l\000\040\000a\000n\000d\000\040\000d\000e\000p\000l\000o\000y\000m\000e\000n\000t\000\040\000o\000b\000j\000e\000c\000t\000i\000v\000e\000s}{section.19}% 97
\BOOKMARK [2][-]{subsection.19.3}{\376\377\000G\000e\000o\000m\000e\000t\000r\000i\000c\000\040\000a\000n\000d\000\040\000a\000l\000g\000e\000b\000r\000a\000i\000c\000\040\000o\000b\000j\000e\000c\000t\000i\000v\000e\000s}{section.19}% 98
\BOOKMARK [1][-]{section.20}{\376\377\000A\000\040\000c\000o\000m\000p\000l\000e\000t\000e\000\040\000T\000o\000r\000i\000c\000G\000T\000\040\000I\000V\000\040\000t\000r\000a\000i\000n\000i\000n\000g\000\040\000r\000e\000c\000i\000p\000e}{}% 99
\BOOKMARK [2][-]{subsection.20.1}{\376\377\000R\000e\000c\000o\000m\000m\000e\000n\000d\000e\000d\000\040\000d\000e\000f\000a\000u\000l\000t}{section.20}% 100
\BOOKMARK [2][-]{subsection.20.2}{\376\377\000E\000s\000c\000a\000l\000a\000t\000i\000o\000n\000\040\000p\000a\000t\000h}{section.20}% 101
\BOOKMARK [1][-]{section.21}{\376\377\000L\000i\000m\000i\000t\000s\000\040\000a\000n\000d\000\040\000s\000a\000f\000e\000t\000y\000\040\000c\000o\000n\000s\000i\000d\000e\000r\000a\000t\000i\000o\000n\000s}{}% 102
\BOOKMARK [2][-]{subsection.21.1}{\376\377\000O\000r\000a\000c\000l\000e\000\040\000l\000a\000b\000e\000l\000s\000\040\000a\000r\000e\000\040\000n\000o\000t\000\040\000g\000r\000o\000u\000n\000d\000\040\000t\000r\000u\000t\000h}{section.21}% 103
\BOOKMARK [2][-]{subsection.21.2}{\376\377\000D\000o\000\040\000n\000o\000t\000\040\000o\000p\000t\000i\000m\000i\000z\000e\000\040\000p\000e\000r\000s\000o\000n\000a\000l\000i\000t\000y\000\040\000a\000t\000\040\000t\000h\000e\000\040\000e\000x\000p\000e\000n\000s\000e\000\040\000o\000f\000\040\000t\000r\000u\000t\000h}{section.21}% 104
\BOOKMARK [2][-]{subsection.21.3}{\376\377\000A\000v\000o\000i\000d\000\040\000h\000i\000d\000d\000e\000n\000\040\000c\000h\000a\000i\000n\000\040\000e\000x\000p\000o\000s\000u\000r\000e}{section.21}% 105
\BOOKMARK [1][-]{section.22}{\376\377\000D\000i\000s\000c\000u\000s\000s\000i\000o\000n}{}% 106
\BOOKMARK [1][-]{section.23}{\376\377\000C\000o\000n\000c\000l\000u\000s\000i\000o\000n}{}% 107
\BOOKMARK [1][-]{appendix.A}{\376\377\000A\000d\000d\000i\000t\000i\000o\000n\000a\000l\000\040\000p\000r\000o\000o\000f\000\040\000d\000e\000t\000a\000i\000l\000s}{}% 108
\BOOKMARK [2][-]{subsection.A.1}{\376\377\000S\000t\000a\000n\000l\000e\000y\000-\000R\000e\000i\000s\000n\000e\000r\000\040\000g\000r\000a\000d\000i\000e\000n\000t\000s}{appendix.A}% 109
\BOOKMARK [2][-]{subsection.A.2}{\376\377\000A\000\040\000c\000o\000n\000s\000e\000r\000v\000a\000t\000i\000v\000e\000\040\000t\000h\000r\000e\000s\000h\000o\000l\000d\000\040\000r\000u\000l\000e}{appendix.A}% 110
\BOOKMARK [1][-]{appendix.B}{\376\377\000R\000e\000c\000o\000m\000m\000e\000n\000d\000e\000d\000\040\000i\000n\000i\000t\000i\000a\000l\000\040\000e\000x\000p\000e\000r\000i\000m\000e\000n\000t}{}% 111
