\BOOKMARK [1][-]{section.1}{\376\377\000P\000u\000r\000p\000o\000s\000e\000,\000\040\000s\000c\000o\000p\000e\000,\000\040\000a\000n\000d\000\040\000c\000o\000n\000t\000r\000i\000b\000u\000t\000i\000o\000n\000s}{}% 1
\BOOKMARK [1][-]{section.2}{\376\377\000T\000o\000r\000i\000c\000\040\000a\000n\000d\000\040\000T\000o\000r\000i\000c\000G\000T\000\040\000b\000a\000c\000k\000g\000r\000o\000u\000n\000d}{}% 2
\BOOKMARK [2][-]{subsection.2.1}{\376\377\000T\000o\000r\000i\000c\000\040\000l\000a\000n\000g\000u\000a\000g\000e\000\040\000u\000s\000e\000d\000\040\000b\000y\000\040\000t\000h\000e\000\040\000p\000a\000p\000e\000r}{section.2}% 3
\BOOKMARK [2][-]{subsection.2.2}{\376\377\000T\000o\000r\000i\000c\000G\000T\000\040\000I\000\040\000r\000e\000c\000a\000p}{section.2}% 4
\BOOKMARK [1][-]{section.3}{\376\377\000R\000e\000a\000s\000o\000n\000i\000n\000g\000\040\000s\000t\000e\000p\000s\000\040\000a\000s\000\040\000c\000o\000m\000p\000a\000c\000t\000\040\000d\000y\000n\000a\000m\000i\000c\000a\000l\000\040\000s\000t\000a\000t\000e\000s}{}% 5
\BOOKMARK [1][-]{section.4}{\376\377\000F\000i\000l\000t\000e\000r\000e\000d\000\040\000c\000o\000m\000p\000l\000e\000x\000e\000s\000\040\000a\000t\000t\000a\000c\000h\000e\000d\000\040\000t\000o\000\040\000a\000\040\000r\000e\000a\000s\000o\000n\000i\000n\000g\000\040\000s\000t\000e\000p}{}% 6
\BOOKMARK [2][-]{subsection.4.1}{\376\377\000U\000n\000d\000i\000r\000e\000c\000t\000e\000d\000,\000\040\000d\000i\000r\000e\000c\000t\000e\000d\000,\000\040\000a\000n\000d\000\040\000b\000e\000h\000a\000v\000i\000o\000r\000-\000a\000w\000a\000r\000e\000\040\000c\000o\000m\000p\000l\000e\000x\000e\000s}{section.4}% 7
\BOOKMARK [2][-]{subsection.4.2}{\376\377\000S\000t\000a\000b\000i\000l\000i\000t\000y\000\040\000o\000f\000\040\000s\000t\000e\000p\000\040\000c\000o\000m\000p\000l\000e\000x\000e\000s}{section.4}% 8
\BOOKMARK [1][-]{section.5}{\376\377\000D\000y\000n\000a\000m\000i\000c\000s\000\040\000o\000f\000\040\000p\000e\000r\000s\000i\000s\000t\000e\000n\000c\000e\000\040\000m\000o\000d\000u\000l\000e\000s\000\040\000a\000n\000d\000\040\000d\000e\000r\000i\000v\000e\000d\000\040\000o\000b\000j\000e\000c\000t\000s}{}% 9
\BOOKMARK [2][-]{subsection.5.1}{\376\377\000M\000o\000d\000e\000l\000-\000i\000n\000d\000u\000c\000e\000d\000\040\000m\000a\000p\000s}{section.5}% 10
\BOOKMARK [1][-]{section.6}{\376\377\000E\000r\000g\000o\000d\000i\000c\000\040\000t\000h\000e\000o\000r\000y\000\040\000o\000f\000\040\000i\000t\000e\000r\000a\000t\000i\000v\000e\000\040\000r\000e\000a\000s\000o\000n\000i\000n\000g}{}% 11
\BOOKMARK [2][-]{subsection.6.1}{\376\377\000O\000b\000s\000e\000r\000v\000a\000b\000l\000e\000s\000\040\000a\000n\000d\000\040\000i\000n\000v\000a\000r\000i\000a\000n\000t\000\040\000a\000v\000e\000r\000a\000g\000e\000s}{section.6}% 12
\BOOKMARK [2][-]{subsection.6.2}{\376\377\000B\000i\000t\000s\000-\000p\000e\000r\000-\000b\000y\000t\000e\000\040\000a\000s\000\040\000c\000o\000n\000d\000i\000t\000i\000o\000n\000a\000l\000\040\000e\000n\000t\000r\000o\000p\000y\000\040\000r\000e\000d\000u\000c\000t\000i\000o\000n}{section.6}% 13
\BOOKMARK [1][-]{section.7}{\376\377\000S\000h\000e\000a\000v\000e\000s\000,\000\040\000v\000e\000c\000t\000o\000r\000\040\000b\000u\000n\000d\000l\000e\000s\000,\000\040\000d\000i\000f\000f\000e\000r\000e\000n\000t\000i\000a\000l\000\040\000f\000o\000r\000m\000s\000,\000\040\000a\000n\000d\000\040\000l\000o\000c\000a\000l\000-\000t\000o\000-\000g\000l\000o\000b\000a\000l\000\040\000r\000e\000a\000s\000o\000n\000i\000n\000g}{}% 14
\BOOKMARK [2][-]{subsection.7.1}{\376\377\000R\000e\000a\000s\000o\000n\000i\000n\000g\000\040\000s\000h\000e\000a\000v\000e\000s\000\040\000o\000n\000\040\000t\000o\000r\000i\000c\000\040\000c\000h\000a\000r\000t\000s}{section.7}% 15
\BOOKMARK [2][-]{subsection.7.2}{\376\377\000V\000e\000c\000t\000o\000r\000-\000b\000u\000n\000d\000l\000e\000\040\000a\000n\000d\000\040\000d\000i\000f\000f\000e\000r\000e\000n\000t\000i\000a\000l\000-\000f\000o\000r\000m\000\040\000c\000o\000n\000t\000r\000o\000l\000s}{section.7}% 16
\BOOKMARK [1][-]{section.8}{\376\377\000R\000e\000p\000r\000e\000s\000e\000n\000t\000a\000t\000i\000o\000n\000\040\000t\000h\000e\000o\000r\000y\000,\000\040\000r\000o\000o\000t\000\040\000s\000y\000s\000t\000e\000m\000s\000,\000\040\000a\000n\000d\000\040\000t\000a\000b\000l\000e\000a\000u\000x}{}% 17
\BOOKMARK [1][-]{section.9}{\376\377\000T\000o\000r\000i\000c\000\040\000e\000m\000b\000e\000d\000d\000i\000n\000g\000\040\000d\000y\000n\000a\000m\000i\000c\000s}{}% 18
\BOOKMARK [2][-]{subsection.9.1}{\376\377\000O\000n\000e\000-\000d\000i\000m\000e\000n\000s\000i\000o\000n\000a\000l\000\040\000c\000o\000n\000e\000s\000\040\000a\000n\000d\000\040\000a\000c\000t\000i\000v\000e\000\040\000c\000h\000a\000r\000t\000\040\000c\000o\000d\000e\000s}{section.9}% 19
\BOOKMARK [1][-]{section.10}{\376\377\000T\000r\000a\000i\000n\000i\000n\000g\000\040\000m\000e\000t\000h\000o\000d\000o\000l\000o\000g\000y\000\040\000a\000n\000d\000\040\000i\000m\000p\000l\000e\000m\000e\000n\000t\000a\000t\000i\000o\000n}{}% 20
\BOOKMARK [2][-]{subsection.10.1}{\376\377\000S\000t\000e\000p\000\040\000c\000o\000n\000s\000t\000r\000u\000c\000t\000i\000o\000n\000\040\000a\000n\000d\000\040\000c\000a\000c\000h\000i\000n\000g}{section.10}% 21
\BOOKMARK [2][-]{subsection.10.2}{\376\377\000C\000o\000m\000p\000o\000s\000i\000t\000e\000\040\000o\000b\000j\000e\000c\000t\000i\000v\000e}{section.10}% 22
\BOOKMARK [1][-]{section.11}{\376\377\000C\000a\000t\000a\000l\000o\000g\000u\000e\000\040\000o\000v\000e\000r\000v\000i\000e\000w}{}% 23
\BOOKMARK [1][-]{section.12}{\376\377\000P\000a\000r\000t\000\040\000I\000:\000\040\000T\000w\000e\000n\000t\000y\000\040\000r\000e\000s\000e\000l\000e\000c\000t\000e\000d\000\040\000T\000o\000r\000i\000c\000G\000T\000\040\000o\000b\000j\000e\000c\000t\000i\000v\000e\000s\000\040\000r\000e\000w\000r\000i\000t\000t\000e\000n\000\040\000f\000o\000r\000\040\000d\000y\000n\000a\000m\000i\000c\000a\000l\000\040\000p\000e\000r\000s\000i\000s\000t\000e\000n\000c\000e}{}% 24
\BOOKMARK [2][-]{subsection.12.1}{\376\377\000A\0001\000.\000\040\000D\000y\000n\000a\000m\000i\000c\000\040\000p\000r\000e\000q\000u\000e\000n\000t\000i\000a\000l\000\040\000b\000i\000t\000s\000-\000p\000e\000r\000-\000b\000y\000t\000e\000\040\000l\000i\000f\000t\000\040\000g\000a\000t\000e}{section.12}% 25
\BOOKMARK [2][-]{subsection.12.2}{\376\377\000A\0002\000.\000\040\000S\000t\000e\000p\000\040\000C\000e\000r\000t\000i\000f\000i\000c\000a\000t\000e\000\040\000C\000o\000n\000d\000i\000t\000i\000o\000n\000a\000l\000\040\000I\000n\000f\000o\000r\000m\000a\000t\000i\000o\000n}{section.12}% 26
\BOOKMARK [2][-]{subsection.12.3}{\376\377\000A\0003\000.\000\040\000T\000o\000r\000i\000c\000\040\000P\000a\000r\000t\000i\000t\000i\000o\000n\000\040\000E\000n\000t\000r\000o\000p\000y\000\040\000a\000n\000d\000\040\000F\000a\000n\000-\000M\000a\000r\000g\000i\000n\000\040\000L\000o\000s\000s}{section.12}% 27
\BOOKMARK [2][-]{subsection.12.4}{\376\377\000A\0004\000.\000\040\000M\000u\000l\000t\000i\000s\000t\000e\000p\000\040\000S\000a\000t\000u\000r\000a\000t\000e\000d\000\040\000S\000e\000m\000i\000g\000r\000o\000u\000p\000\040\000M\000D\000L}{section.12}% 28
\BOOKMARK [2][-]{subsection.12.5}{\376\377\000A\0005\000.\000\040\000H\000i\000l\000b\000e\000r\000t\000-\000B\000a\000s\000i\000s\000\040\000T\000r\000a\000j\000e\000c\000t\000o\000r\000y\000\040\000C\000o\000d\000e\000\040\000S\000p\000a\000r\000s\000i\000t\000y}{section.12}% 29
\BOOKMARK [2][-]{subsection.12.6}{\376\377\000A\0006\000.\000\040\000D\000y\000n\000a\000m\000i\000c\000\040\000T\000o\000r\000i\000c\000-\000I\000d\000e\000a\000l\000\040\000B\000i\000n\000o\000m\000i\000a\000l\000\040\000C\000o\000n\000s\000i\000s\000t\000e\000n\000c\000y}{section.12}% 30
\BOOKMARK [2][-]{subsection.12.7}{\376\377\000A\0007\000.\000\040\000C\000o\000x\000-\000D\000e\000g\000r\000e\000e\000\040\000P\000e\000r\000s\000i\000s\000t\000e\000n\000c\000e\000\040\000C\000o\000n\000s\000e\000r\000v\000a\000t\000i\000o\000n}{section.12}% 31
\BOOKMARK [2][-]{subsection.12.8}{\376\377\000A\0008\000.\000\040\000C\000a\000r\000t\000i\000e\000r\000\040\000S\000u\000p\000p\000o\000r\000t\000-\000F\000u\000n\000c\000t\000i\000o\000n\000\040\000S\000l\000o\000p\000e\000\040\000D\000y\000n\000a\000m\000i\000c\000s}{section.12}% 32
\BOOKMARK [2][-]{subsection.12.9}{\376\377\000A\0009\000.\000\040\000Q\000u\000a\000n\000t\000i\000z\000e\000d\000\040\000M\000o\000m\000e\000n\000t\000-\000M\000a\000p\000\040\000E\000r\000g\000o\000d\000i\000c\000\040\000C\000o\000d\000e}{section.12}% 33
\BOOKMARK [2][-]{subsection.12.10}{\376\377\000A\0001\0000\000.\000\040\000S\000t\000a\000n\000l\000e\000y\000-\000R\000e\000i\000s\000n\000e\000r\000\040\000P\000e\000r\000s\000i\000s\000t\000e\000n\000c\000e\000\040\000N\000o\000n\000f\000a\000c\000e\000\040\000L\000o\000s\000s}{section.12}% 34
\BOOKMARK [2][-]{subsection.12.11}{\376\377\000A\0001\0001\000.\000\040\000C\000e\000c\000h\000\040\000R\000e\000a\000s\000o\000n\000i\000n\000g\000-\000S\000h\000e\000a\000f\000\040\000G\000l\000u\000i\000n\000g\000\040\000L\000o\000s\000s}{section.12}% 35
\BOOKMARK [2][-]{subsection.12.12}{\376\377\000A\0001\0002\000.\000\040\000V\000e\000c\000t\000o\000r\000-\000B\000u\000n\000d\000l\000e\000\040\000T\000r\000a\000n\000s\000i\000t\000i\000o\000n\000\040\000D\000y\000n\000a\000m\000i\000c\000s}{section.12}% 36
\BOOKMARK [2][-]{subsection.12.13}{\376\377\000A\0001\0003\000.\000\040\000K\000l\000y\000a\000c\000h\000k\000o\000-\000S\000t\000y\000l\000e\000\040\000F\000i\000l\000t\000r\000a\000t\000i\000o\000n\000\040\000B\000u\000n\000d\000l\000e\000\040\000C\000o\000m\000p\000r\000e\000s\000s\000i\000o\000n}{section.12}% 37
\BOOKMARK [2][-]{subsection.12.14}{\376\377\000A\0001\0004\000.\000\040\000D\000i\000f\000f\000e\000r\000e\000n\000t\000i\000a\000l\000-\000F\000o\000r\000m\000\040\000C\000o\000n\000s\000e\000r\000v\000a\000t\000i\000v\000e\000\040\000R\000e\000a\000s\000o\000n\000i\000n\000g\000\040\000L\000o\000s\000s}{section.12}% 38
\BOOKMARK [2][-]{subsection.12.15}{\376\377\000A\0001\0005\000.\000\040\000S\000e\000c\000o\000n\000d\000a\000r\000y\000-\000F\000a\000n\000\040\000M\000a\000r\000k\000o\000v\000-\000P\000a\000r\000t\000i\000t\000i\000o\000n\000\040\000L\000o\000s\000s}{section.12}% 39
\BOOKMARK [2][-]{subsection.12.16}{\376\377\000A\0001\0006\000.\000\040\000G\000a\000l\000e\000-\000D\000u\000a\000l\000\040\000P\000e\000r\000s\000i\000s\000t\000e\000n\000c\000e\000\040\000T\000r\000a\000n\000s\000f\000e\000r}{section.12}% 40
\BOOKMARK [2][-]{subsection.12.17}{\376\377\000A\0001\0007\000.\000\040\000Y\000o\000u\000n\000g\000-\000T\000a\000b\000l\000e\000a\000u\000\040\000S\000c\000h\000u\000r\000\040\000C\000o\000d\000e\000\040\000D\000y\000n\000a\000m\000i\000c\000s}{section.12}% 41
\BOOKMARK [2][-]{subsection.12.18}{\376\377\000A\0001\0008\000.\000\040\000L\000i\000t\000t\000l\000e\000w\000o\000o\000d\000-\000R\000i\000c\000h\000a\000r\000d\000s\000o\000n\000\040\000T\000r\000a\000j\000e\000c\000t\000o\000r\000y\000\040\000C\000o\000m\000p\000o\000s\000i\000t\000i\000o\000n}{section.12}% 42
\BOOKMARK [2][-]{subsection.12.19}{\376\377\000A\0001\0009\000.\000\040\000D\000e\000r\000i\000v\000e\000d\000\040\000B\000G\000G\000\040\000C\000h\000a\000i\000n\000-\000M\000a\000p\000\040\000L\000i\000f\000t}{section.12}% 43
\BOOKMARK [2][-]{subsection.12.20}{\376\377\000A\0002\0000\000.\000\040\000E\000r\000g\000o\000d\000i\000c\000\040\000b\000i\000t\000s\000-\000p\000e\000r\000-\000b\000y\000t\000e\000-\000s\000a\000f\000e\000\040\000P\000a\000r\000e\000t\000o\000\040\000c\000o\000n\000t\000r\000o\000l\000l\000e\000r}{section.12}% 44
\BOOKMARK [1][-]{section.13}{\376\377\000P\000a\000r\000t\000\040\000I\000I\000:\000\040\000T\000w\000e\000n\000t\000y\000\040\000n\000e\000w\000\040\000T\000o\000r\000i\000c\000G\000T\000\040\000I\000I\000\040\000o\000b\000j\000e\000c\000t\000i\000v\000e\000s}{}% 45
\BOOKMARK [2][-]{subsection.13.1}{\376\377\000N\0001\000.\000\040\000S\000t\000e\000p\000-\000P\000a\000c\000k\000e\000t\000\040\000S\000t\000a\000n\000d\000a\000r\000d\000i\000z\000a\000t\000i\000o\000n\000\040\000O\000b\000j\000e\000c\000t\000i\000v\000e}{section.13}% 46
\BOOKMARK [2][-]{subsection.13.2}{\376\377\000N\0002\000.\000\040\000P\000e\000r\000s\000i\000s\000t\000e\000n\000c\000e\000\040\000E\000n\000t\000r\000o\000p\000y\000-\000R\000a\000t\000e\000\040\000L\000o\000s\000s}{section.13}% 47
\BOOKMARK [2][-]{subsection.13.3}{\376\377\000N\0003\000.\000\040\000B\000e\000t\000t\000i\000\040\000D\000r\000i\000f\000t\000\040\000a\000n\000d\000\040\000L\000i\000f\000e\000t\000i\000m\000e\000\040\000S\000t\000a\000b\000i\000l\000i\000t\000y}{section.13}% 48
\BOOKMARK [2][-]{subsection.13.4}{\376\377\000N\0004\000.\000\040\000D\000e\000r\000i\000v\000e\000d\000\040\000M\000a\000p\000p\000i\000n\000g\000-\000C\000o\000n\000e\000\040\000R\000e\000s\000i\000d\000u\000a\000l}{section.13}% 49
\BOOKMARK [2][-]{subsection.13.5}{\376\377\000N\0005\000.\000\040\000I\000n\000v\000a\000r\000i\000a\000n\000t\000\040\000O\000c\000c\000u\000p\000a\000t\000i\000o\000n\000-\000M\000e\000a\000s\000u\000r\000e\000\040\000M\000a\000t\000c\000h\000i\000n\000g}{section.13}% 50
\BOOKMARK [2][-]{subsection.13.6}{\376\377\000N\0006\000.\000\040\000E\000r\000g\000o\000d\000i\000c\000\040\000V\000a\000r\000i\000a\000n\000c\000e\000\040\000R\000e\000g\000u\000l\000a\000r\000i\000z\000e\000r}{section.13}% 51
\BOOKMARK [2][-]{subsection.13.7}{\376\377\000N\0007\000.\000\040\000S\000y\000m\000b\000o\000l\000i\000c\000\040\000T\000o\000r\000i\000c\000\040\000E\000n\000t\000r\000o\000p\000y\000\040\000G\000a\000t\000e}{section.13}% 52
\BOOKMARK [2][-]{subsection.13.8}{\376\377\000N\0008\000.\000\040\000M\000u\000l\000t\000i\000g\000r\000a\000d\000e\000d\000\040\000H\000i\000l\000b\000e\000r\000t\000-\000S\000e\000r\000i\000e\000s\000\040\000P\000r\000e\000d\000i\000c\000t\000o\000r}{section.13}% 53
\BOOKMARK [2][-]{subsection.13.9}{\376\377\000N\0009\000.\000\040\000L\000e\000r\000a\000y\000\040\000M\000e\000m\000o\000r\000y\000\040\000D\000i\000r\000e\000c\000t\000-\000I\000m\000a\000g\000e\000\040\000O\000b\000j\000e\000c\000t\000i\000v\000e}{section.13}% 54
\BOOKMARK [2][-]{subsection.13.10}{\376\377\000N\0001\0000\000.\000\040\000L\000o\000g\000a\000r\000i\000t\000h\000m\000i\000c\000-\000F\000o\000r\000m\000\040\000B\000o\000u\000n\000d\000a\000r\000y\000\040\000R\000e\000s\000i\000d\000u\000e\000\040\000L\000o\000s\000s}{section.13}% 55
\BOOKMARK [2][-]{subsection.13.11}{\376\377\000N\0001\0001\000.\000\040\000C\000o\000n\000n\000e\000c\000t\000i\000o\000n\000\040\000H\000o\000l\000o\000n\000o\000m\000y\000\040\000C\000o\000r\000r\000i\000d\000o\000r\000\040\000L\000o\000s\000s}{section.13}% 56
\BOOKMARK [2][-]{subsection.13.12}{\376\377\000N\0001\0002\000.\000\040\000C\000r\000y\000s\000t\000a\000l\000-\000G\000r\000a\000p\000h\000\040\000R\000e\000a\000s\000o\000n\000i\000n\000g\000\040\000D\000y\000n\000a\000m\000i\000c\000s}{section.13}% 57
\BOOKMARK [2][-]{subsection.13.13}{\376\377\000N\0001\0003\000.\000\040\000W\000e\000y\000l\000-\000C\000h\000a\000m\000b\000e\000r\000\040\000R\000e\000f\000l\000e\000c\000t\000i\000o\000n\000\040\000E\000q\000u\000i\000v\000a\000r\000i\000a\000n\000c\000e}{section.13}% 58
\BOOKMARK [2][-]{subsection.13.14}{\376\377\000N\0001\0004\000.\000\040\000T\000a\000b\000l\000e\000a\000u\000\040\000N\000o\000r\000m\000a\000l\000-\000F\000o\000r\000m\000\040\000C\000o\000m\000p\000r\000e\000s\000s\000i\000o\000n\000\040\000L\000o\000s\000s}{section.13}% 59
\BOOKMARK [2][-]{subsection.13.15}{\376\377\000N\0001\0005\000.\000\040\000T\000o\000r\000o\000i\000d\000a\000l\000\040\000S\000l\000e\000p\000i\000a\000n\000\040\000C\000o\000n\000c\000e\000n\000t\000r\000a\000t\000i\000o\000n\000\040\000O\000b\000j\000e\000c\000t\000i\000v\000e}{section.13}% 60
\BOOKMARK [2][-]{subsection.13.16}{\376\377\000N\0001\0006\000.\000\040\000P\000e\000r\000s\000i\000s\000t\000e\000n\000c\000e\000\040\000L\000i\000f\000e\000t\000i\000m\000e\000\040\000C\000o\000m\000m\000i\000t\000m\000e\000n\000t\000\040\000G\000a\000t\000e}{section.13}% 61
\BOOKMARK [2][-]{subsection.13.17}{\376\377\000N\0001\0007\000.\000\040\000C\000h\000a\000i\000n\000-\000R\000e\000c\000u\000r\000r\000e\000n\000t\000\040\000E\000r\000r\000o\000r\000-\000P\000r\000u\000n\000i\000n\000g\000\040\000M\000e\000t\000r\000i\000c}{section.13}% 62
\BOOKMARK [2][-]{subsection.13.18}{\376\377\000N\0001\0008\000.\000\040\000M\000i\000x\000i\000n\000g\000-\000T\000i\000m\000e\000\040\000a\000n\000d\000\040\000R\000e\000g\000e\000n\000e\000r\000a\000t\000i\000o\000n\000\040\000D\000i\000a\000g\000n\000o\000s\000t\000i\000c}{section.13}% 63
\BOOKMARK [2][-]{subsection.13.19}{\376\377\000N\0001\0009\000.\000\040\000S\000p\000e\000c\000t\000r\000a\000l\000-\000S\000e\000q\000u\000e\000n\000c\000e\000\040\000C\000o\000l\000l\000a\000p\000s\000e\000\040\000S\000u\000p\000e\000r\000v\000i\000s\000i\000o\000n}{section.13}% 64
\BOOKMARK [2][-]{subsection.13.20}{\376\377\000N\0002\0000\000.\000\040\000M\000i\000n\000i\000m\000a\000l\000-\000R\000e\000s\000o\000l\000u\000t\000i\000o\000n\000\040\000C\000o\000m\000p\000l\000e\000x\000i\000t\000y\000\040\000P\000r\000e\000d\000i\000c\000t\000o\000r}{section.13}% 65
\BOOKMARK [1][-]{section.14}{\376\377\000E\000x\000p\000e\000r\000i\000m\000e\000n\000t\000a\000l\000\040\000p\000r\000o\000t\000o\000c\000o\000l}{}% 66
\BOOKMARK [2][-]{subsection.14.1}{\376\377\000S\000y\000n\000t\000h\000e\000t\000i\000c\000\040\000a\000n\000d\000\040\000n\000a\000t\000u\000r\000a\000l\000\040\000e\000v\000a\000l\000u\000a\000t\000i\000o\000n\000\040\000s\000l\000i\000c\000e\000s}{section.14}% 67
\BOOKMARK [2][-]{subsection.14.2}{\376\377\000A\000b\000l\000a\000t\000i\000o\000n\000\040\000l\000a\000d\000d\000e\000r}{section.14}% 68
\BOOKMARK [2][-]{subsection.14.3}{\376\377\000I\000m\000p\000l\000e\000m\000e\000n\000t\000a\000t\000i\000o\000n\000\040\000p\000s\000e\000u\000d\000o\000c\000o\000d\000e}{section.14}% 69
\BOOKMARK [1][-]{section.15}{\376\377\000D\000i\000s\000c\000u\000s\000s\000i\000o\000n\000\040\000a\000n\000d\000\040\000l\000i\000m\000i\000t\000a\000t\000i\000o\000n\000s}{}% 70
\BOOKMARK [1][-]{section.16}{\376\377\000C\000o\000n\000c\000l\000u\000s\000i\000o\000n}{}% 71
