\BOOKMARK [1][-]{section.1}{\376\377\000P\000u\000r\000p\000o\000s\000e\000,\000\040\000s\000c\000o\000p\000e\000,\000\040\000a\000n\000d\000\040\000c\000o\000n\000t\000i\000n\000u\000i\000t\000y\000\040\000w\000i\000t\000h\000\040\000T\000o\000r\000i\000c\000G\000T\000\040\000I\040\023\000I\000I}{}% 1
\BOOKMARK [2][-]{subsection.1.1}{\376\377\000W\000h\000y\000\040\000a\000\040\000t\000h\000i\000r\000d\000\040\000p\000a\000p\000e\000r\000\040\000i\000s\000\040\000n\000e\000e\000d\000e\000d}{section.1}% 2
\BOOKMARK [2][-]{subsection.1.2}{\376\377\000S\000u\000m\000m\000a\000r\000y\000\040\000o\000f\000\040\000T\000o\000r\000i\000c\000G\000T\000\040\000I}{section.1}% 3
\BOOKMARK [2][-]{subsection.1.3}{\376\377\000S\000u\000m\000m\000a\000r\000y\000\040\000o\000f\000\040\000T\000o\000r\000i\000c\000G\000T\000\040\000I\000I}{section.1}% 4
\BOOKMARK [2][-]{subsection.1.4}{\376\377\000W\000h\000a\000t\000\040\000T\000o\000r\000i\000c\000G\000T\000\040\000I\000I\000I\000\040\000a\000d\000d\000s}{section.1}% 5
\BOOKMARK [1][-]{section.2}{\376\377\000M\000C\000P\000s\000\040\000a\000s\000\040\000t\000y\000p\000e\000d\000\040\000p\000r\000o\000t\000o\000c\000o\000l\000\040\000g\000r\000a\000p\000h\000s}{}% 6
\BOOKMARK [2][-]{subsection.2.1}{\376\377\000P\000r\000o\000t\000o\000c\000o\000l\000\040\000p\000r\000i\000m\000i\000t\000i\000v\000e\000s}{section.2}% 7
\BOOKMARK [2][-]{subsection.2.2}{\376\377\000C\000o\000n\000t\000e\000x\000t\000\040\000r\000e\000c\000o\000r\000d\000s\000\040\000a\000n\000d\000\040\000p\000r\000e\000f\000i\000x\000\040\000s\000a\000f\000e\000t\000y}{section.2}% 8
\BOOKMARK [1][-]{section.3}{\376\377\000M\000a\000r\000k\000d\000o\000w\000n\000\040\000m\000e\000m\000o\000r\000y\000\040\000a\000n\000d\000\040\000k\000n\000o\000w\000l\000e\000d\000g\000e\000\040\000g\000r\000a\000p\000h\000s}{}% 9
\BOOKMARK [2][-]{subsection.3.1}{\376\377\000M\000a\000r\000k\000d\000o\000w\000n\000\040\000m\000e\000m\000o\000r\000y\000\040\000a\000s\000\040\000a\000\040\000b\000l\000o\000c\000k\000\040\000p\000o\000s\000e\000t}{section.3}% 10
\BOOKMARK [2][-]{subsection.3.2}{\376\377\000K\000n\000o\000w\000l\000e\000d\000g\000e\000\040\000g\000r\000a\000p\000h\000s\000\040\000a\000s\000\040\000t\000y\000p\000e\000d\000\040\000q\000u\000i\000v\000e\000r\000s\000\040\000a\000n\000d\000\040\000p\000a\000t\000h\000\040\000a\000l\000g\000e\000b\000r\000a\000s}{section.3}% 11
\BOOKMARK [1][-]{section.4}{\376\377\000F\000i\000l\000t\000e\000r\000e\000d\000\040\000c\000o\000m\000p\000l\000e\000x\000e\000s\000\040\000a\000n\000d\000\040\000m\000u\000l\000t\000i\000g\000r\000a\000d\000e\000d\000\040\000m\000o\000d\000u\000l\000e\000s\000\040\000f\000o\000r\000\040\000c\000o\000n\000t\000e\000x\000t\000\040\000d\000a\000t\000a\000b\000a\000s\000e\000s}{}% 12
\BOOKMARK [2][-]{subsection.4.1}{\376\377\000F\000r\000o\000m\000\040\000c\000o\000n\000t\000e\000x\000t\000\040\000g\000r\000a\000p\000h\000s\000\040\000t\000o\000\040\000c\000o\000m\000p\000l\000e\000x\000e\000s}{section.4}% 13
\BOOKMARK [2][-]{subsection.4.2}{\376\377\000D\000e\000r\000i\000v\000e\000d\000\040\000c\000o\000n\000t\000e\000x\000t\000\040\000o\000b\000j\000e\000c\000t\000s\000\040\000a\000n\000d\000\040\000u\000p\000d\000a\000t\000e\000\040\000m\000a\000p\000s}{section.4}% 14
\BOOKMARK [1][-]{section.5}{\376\377\000G\000r\000a\000p\000h\000-\000s\000t\000r\000u\000c\000t\000u\000r\000e\000d\000\040\000v\000e\000c\000t\000o\000r\000\040\000d\000a\000t\000a\000b\000a\000s\000e\000s}{}% 15
\BOOKMARK [2][-]{subsection.5.1}{\376\377\000D\000a\000t\000a\000b\000a\000s\000e\000\040\000o\000b\000j\000e\000c\000t}{section.5}% 16
\BOOKMARK [2][-]{subsection.5.2}{\376\377\000P\000r\000o\000j\000e\000c\000t\000e\000d\000\040\000r\000e\000t\000r\000i\000e\000v\000a\000l\000\040\000h\000e\000a\000d}{section.5}% 17
\BOOKMARK [2][-]{subsection.5.3}{\376\377\000T\000r\000a\000i\000n\000i\000n\000g\000\040\000t\000h\000e\000\040\000p\000r\000o\000j\000e\000c\000t\000i\000o\000n}{section.5}% 18
\BOOKMARK [1][-]{section.6}{\376\377\000T\000o\000r\000i\000c\000\040\000q\000u\000a\000n\000t\000i\000z\000a\000t\000i\000o\000n\000\040\000a\000n\000d\000\040\000C\000o\000x\000-\000c\000o\000d\000e\000d\000\040\000c\000o\000n\000t\000e\000x\000t}{}% 19
\BOOKMARK [2][-]{subsection.6.1}{\376\377\000S\000e\000m\000i\000g\000r\000o\000u\000p\000\040\000c\000o\000d\000e\000s}{section.6}% 20
\BOOKMARK [1][-]{section.7}{\376\377\000S\000h\000e\000a\000v\000e\000s\000,\000\040\000v\000e\000c\000t\000o\000r\000\040\000b\000u\000n\000d\000l\000e\000s\000,\000\040\000a\000n\000d\000\040\000d\000i\000f\000f\000e\000r\000e\000n\000t\000i\000a\000l\000\040\000f\000o\000r\000m\000s\000\040\000f\000o\000r\000\040\000r\000e\000t\000r\000i\000e\000v\000a\000l\000\040\000c\000o\000n\000t\000r\000o\000l}{}% 21
\BOOKMARK [2][-]{subsection.7.1}{\376\377\000C\000e\000l\000l\000u\000l\000a\000r\000\040\000s\000h\000e\000a\000v\000e\000s\000\040\000o\000v\000e\000r\000\040\000c\000o\000n\000t\000e\000x\000t\000\040\000g\000r\000a\000p\000h\000s}{section.7}% 22
\BOOKMARK [2][-]{subsection.7.2}{\376\377\000D\000i\000f\000f\000e\000r\000e\000n\000t\000i\000a\000l\000\040\000f\000o\000r\000m\000s\000\040\000f\000o\000r\000\040\000e\000v\000i\000d\000e\000n\000c\000e\000\040\000f\000l\000o\000w}{section.7}% 23
\BOOKMARK [1][-]{section.8}{\376\377\000D\000y\000n\000a\000m\000i\000c\000s\000\040\000a\000n\000d\000\040\000e\000r\000g\000o\000d\000i\000c\000\040\000t\000h\000e\000o\000r\000y\000\040\000o\000f\000\040\000c\000o\000n\000t\000e\000x\000t\000\040\000d\000a\000t\000a\000b\000a\000s\000e\000s}{}% 24
\BOOKMARK [2][-]{subsection.8.1}{\376\377\000M\000C\000P\000\040\000u\000p\000d\000a\000t\000e\000s\000\040\000a\000s\000\040\000a\000\040\000d\000y\000n\000a\000m\000i\000c\000a\000l\000\040\000s\000y\000s\000t\000e\000m}{section.8}% 25
\BOOKMARK [2][-]{subsection.8.2}{\376\377\000M\000i\000x\000i\000n\000g\000,\000\040\000r\000e\000c\000u\000r\000r\000e\000n\000c\000e\000,\000\040\000a\000n\000d\000\040\000c\000a\000c\000h\000e\000\040\000p\000o\000l\000i\000c\000y}{section.8}% 26
\BOOKMARK [1][-]{section.9}{\376\377\000F\000u\000l\000l\000-\000c\000o\000n\000t\000e\000x\000t\000\040\000i\000t\000e\000r\000a\000t\000i\000v\000e\000\040\000r\000e\000a\000s\000o\000n\000i\000n\000g\000\040\000w\000i\000n\000d\000o\000w\000s\000\040\000a\000n\000d\000\040\000t\000r\000o\000p\000i\000c\000a\000l\000\040\000r\000i\000n\000g\000\040\000a\000t\000t\000e\000n\000t\000i\000o\000n}{}% 27
\BOOKMARK [2][-]{subsection.9.1}{\376\377\000T\000h\000e\000\040\000c\000o\000n\000t\000e\000x\000t\000\040\000w\000i\000n\000d\000o\000w\000\040\000a\000s\000\040\000a\000\040\000r\000e\000a\000s\000o\000n\000i\000n\000g\000\040\000c\000a\000n\000v\000a\000s}{section.9}% 28
\BOOKMARK [2][-]{subsection.9.2}{\376\377\000C\000o\000n\000t\000e\000x\000t\000\040\000t\000o\000k\000e\000n\000s\000,\000\040\000g\000r\000a\000p\000h\000\040\000t\000o\000k\000e\000n\000s\000,\000\040\000a\000n\000d\000\040\000M\000C\000P\000\040\000r\000e\000c\000o\000r\000d\000s}{section.9}% 29
\BOOKMARK [2][-]{subsection.9.3}{\376\377\000T\000r\000o\000p\000i\000c\000a\000l\000\040\000r\000i\000n\000g\000\040\000a\000t\000t\000e\000n\000t\000i\000o\000n\000\040\000o\000v\000e\000r\000\040\000a\000\040\000f\000u\000l\000l\000\040\000c\000o\000n\000t\000e\000x\000t}{section.9}% 30
\BOOKMARK [2][-]{subsection.9.4}{\376\377\000S\000o\000f\000t\000\040\000a\000t\000t\000e\000n\000t\000i\000o\000n\000,\000\040\000t\000r\000o\000p\000i\000c\000a\000l\000\040\000a\000t\000t\000e\000n\000t\000i\000o\000n\000,\000\040\000a\000n\000d\000\040\000a\000n\000s\000w\000e\000r\000\040\000p\000r\000o\000b\000a\000b\000i\000l\000i\000t\000y}{section.9}% 31
\BOOKMARK [2][-]{subsection.9.5}{\376\377\000L\000e\000a\000r\000n\000e\000d\000\040\000p\000r\000o\000j\000e\000c\000t\000e\000d\000\040\000r\000e\000t\000r\000i\000e\000v\000a\000l\000\040\000f\000o\000r\000\040\000a\000\040\0001\0000\000M\000-\000t\000o\000k\000e\000n\000\040\000c\000o\000n\000t\000e\000x\000t}{section.9}% 32
\BOOKMARK [2][-]{subsection.9.6}{\376\377\000Q\000u\000a\000n\000t\000i\000z\000e\000d\000\040\000t\000o\000r\000i\000c\000\040\000c\000o\000d\000e\000s\000\040\000f\000o\000r\000\040\000c\000o\000n\000t\000e\000x\000t\000\040\000w\000i\000n\000d\000o\000w\000s}{section.9}% 33
\BOOKMARK [2][-]{subsection.9.7}{\376\377\000F\000i\000l\000t\000e\000r\000e\000d\000\040\000s\000i\000m\000p\000l\000i\000c\000i\000a\000l\000\040\000p\000e\000r\000s\000i\000s\000t\000e\000n\000c\000e\000\040\000o\000f\000\040\000a\000\040\000g\000r\000o\000w\000i\000n\000g\000\040\000c\000o\000n\000t\000e\000x\000t}{section.9}% 34
\BOOKMARK [2][-]{subsection.9.8}{\376\377\000S\000h\000e\000a\000v\000e\000s\000\040\000a\000n\000d\000\040\000g\000l\000o\000b\000a\000l\000\040\000s\000e\000c\000t\000i\000o\000n\000s\000\040\000o\000v\000e\000r\000\040\000a\000\040\000l\000o\000n\000g\000\040\000w\000i\000n\000d\000o\000w}{section.9}% 35
\BOOKMARK [2][-]{subsection.9.9}{\376\377\000D\000e\000r\000i\000v\000e\000d\000\040\000u\000p\000d\000a\000t\000e\000s\000\040\000f\000o\000r\000\040\000M\000C\000P\000\040\000a\000n\000d\000\040\000m\000e\000m\000o\000r\000y\000\040\000e\000d\000i\000t\000s}{section.9}% 36
\BOOKMARK [2][-]{subsection.9.10}{\376\377\000E\000r\000g\000o\000d\000i\000c\000\040\000t\000h\000e\000o\000r\000y\000\040\000o\000f\000\040\000l\000o\000n\000g\000-\000c\000o\000n\000t\000e\000x\000t\000\040\000f\000i\000l\000l\000\040\000d\000y\000n\000a\000m\000i\000c\000s}{section.9}% 37
\BOOKMARK [2][-]{subsection.9.11}{\376\377\000S\000t\000o\000p\000p\000i\000n\000g\000,\000\040\000s\000u\000f\000f\000i\000c\000i\000e\000n\000c\000y\000,\000\040\000a\000n\000d\000\040\000c\000o\000n\000t\000e\000x\000t\000\040\000l\000e\000n\000g\000t\000h\000\040\000c\000o\000n\000t\000r\000o\000l}{section.9}% 38
\BOOKMARK [2][-]{subsection.9.12}{\376\377\000I\000m\000p\000l\000e\000m\000e\000n\000t\000a\000t\000i\000o\000n\000\040\000f\000o\000r\000\040\000a\000\040\0001\040\023\0001\0000\000M\000-\000t\000o\000k\000e\000n\000\040\000M\000C\000P\000/\000m\000e\000m\000o\000r\000y\000/\000K\000G\000\040\000a\000g\000e\000n\000t}{section.9}% 39
\BOOKMARK [2][-]{subsection.9.13}{\376\377\000L\000o\000n\000g\000-\000c\000o\000n\000t\000e\000x\000t\000\040\000t\000r\000a\000i\000n\000i\000n\000g\000\040\000d\000a\000t\000a\000\040\000c\000o\000n\000s\000t\000r\000u\000c\000t\000i\000o\000n}{section.9}% 40
\BOOKMARK [1][-]{section.10}{\376\377\000L\000o\000n\000g\000-\000c\000o\000n\000t\000e\000x\000t\000\040\000o\000b\000j\000e\000c\000t\000i\000v\000e\000\040\000c\000a\000t\000a\000l\000o\000g\000u\000e}{}% 41
\BOOKMARK [2][-]{subsection.10.1}{\376\377\000L\000C\0001\000.\000\040\000C\000o\000n\000t\000e\000x\000t\000\040\000C\000a\000n\000v\000a\000s\000\040\000B\000i\000t\000s\000-\000p\000e\000r\000-\000B\000y\000t\000e\000\040\000U\000t\000i\000l\000i\000t\000y}{section.10}% 42
\BOOKMARK [2][-]{subsection.10.2}{\376\377\000L\000C\0002\000.\000\040\000T\000r\000o\000p\000i\000c\000a\000l\000\040\000R\000i\000n\000g\000\040\000P\000r\000o\000v\000e\000n\000a\000n\000c\000e\000\040\000M\000a\000r\000g\000i\000n\000\040\000L\000o\000s\000s}{section.10}% 43
\BOOKMARK [2][-]{subsection.10.3}{\376\377\000L\000C\0003\000.\000\040\000P\000r\000o\000j\000e\000c\000t\000e\000d\000\040\000R\000e\000t\000r\000i\000e\000v\000a\000l\000\040\000G\000a\000p\000\040\000P\000r\000e\000s\000e\000r\000v\000a\000t\000i\000o\000n}{section.10}% 44
\BOOKMARK [2][-]{subsection.10.4}{\376\377\000L\000C\0004\000.\000\040\000Q\000u\000a\000n\000t\000i\000z\000e\000d\000\040\000S\000c\000o\000r\000e\000\040\000R\000o\000b\000u\000s\000t\000n\000e\000s\000s}{section.10}% 45
\BOOKMARK [2][-]{subsection.10.5}{\376\377\000L\000C\0005\000.\000\040\000G\000r\000a\000p\000h\000\040\000E\000x\000p\000a\000n\000s\000i\000o\000n\000\040\000R\000e\000c\000a\000l\000l\000\040\000O\000b\000j\000e\000c\000t\000i\000v\000e}{section.10}% 46
\BOOKMARK [2][-]{subsection.10.6}{\376\377\000L\000C\0006\000.\000\040\000M\000C\000P\000\040\000C\000a\000p\000a\000b\000i\000l\000i\000t\000y\000\040\000N\000o\000n\000f\000a\000c\000e\000\040\000B\000a\000r\000r\000i\000e\000r}{section.10}% 47
\BOOKMARK [2][-]{subsection.10.7}{\376\377\000L\000C\0007\000.\000\040\000M\000a\000r\000k\000d\000o\000w\000n\000\040\000C\000e\000c\000h\000\040\000M\000e\000m\000o\000r\000y\000\040\000G\000l\000u\000i\000n\000g}{section.10}% 48
\BOOKMARK [2][-]{subsection.10.8}{\376\377\000L\000C\0008\000.\000\040\000K\000G\000\040\000P\000a\000t\000h\000\040\000S\000h\000e\000a\000f\000\040\000C\000o\000n\000s\000i\000s\000t\000e\000n\000c\000y}{section.10}% 49
\BOOKMARK [2][-]{subsection.10.9}{\376\377\000L\000C\0009\000.\000\040\000L\000o\000n\000g\000-\000C\000o\000n\000t\000e\000x\000t\000\040\000O\000c\000c\000u\000p\000a\000t\000i\000o\000n\000\040\000E\000n\000t\000r\000o\000p\000y\000\040\000R\000e\000g\000u\000l\000a\000r\000i\000z\000e\000r}{section.10}% 50
\BOOKMARK [2][-]{subsection.10.10}{\376\377\000L\000C\0001\0000\000.\000\040\000R\000e\000c\000u\000r\000r\000e\000n\000c\000e\000\040\000U\000t\000i\000l\000i\000t\000y\000\040\000C\000a\000c\000h\000e\000\040\000L\000o\000s\000s}{section.10}% 51
\BOOKMARK [2][-]{subsection.10.11}{\376\377\000L\000C\0001\0001\000.\000\040\000C\000o\000n\000t\000e\000x\000t\000\040\000P\000a\000c\000k\000i\000n\000g\000\040\000S\000u\000b\000m\000o\000d\000u\000l\000a\000r\000i\000t\000y\000\040\000L\000o\000s\000s}{section.10}% 52
\BOOKMARK [2][-]{subsection.10.12}{\376\377\000L\000C\0001\0002\000.\000\040\000R\000e\000a\000s\000o\000n\000i\000n\000g\000\040\000F\000i\000l\000l\000\040\000M\000o\000n\000o\000t\000o\000n\000i\000c\000i\000t\000y\000\040\000a\000n\000d\000\040\000Z\000i\000g\000z\000a\000g\000\040\000A\000l\000a\000r\000m}{section.10}% 53
\BOOKMARK [2][-]{subsection.10.13}{\376\377\000L\000C\0001\0003\000.\000\040\000D\000e\000r\000i\000v\000e\000d\000\040\000U\000p\000d\000a\000t\000e\000\040\000C\000o\000n\000e\000\040\000L\000o\000s\000s}{section.10}% 54
\BOOKMARK [2][-]{subsection.10.14}{\376\377\000L\000C\0001\0004\000.\000\040\000P\000e\000r\000s\000i\000s\000t\000e\000n\000c\000e\000\040\000E\000v\000e\000n\000t\000\040\000E\000x\000p\000l\000a\000n\000a\000t\000i\000o\000n\000\040\000L\000o\000s\000s}{section.10}% 55
\BOOKMARK [2][-]{subsection.10.15}{\376\377\000L\000C\0001\0005\000.\000\040\000T\000o\000n\000e\000/\000P\000e\000r\000s\000o\000n\000a\000l\000i\000t\000y\000\040\000G\000l\000o\000b\000a\000l\000\040\000S\000e\000c\000t\000i\000o\000n\000\040\000L\000o\000s\000s}{section.10}% 56
\BOOKMARK [2][-]{subsection.10.16}{\376\377\000L\000C\0001\0006\000.\000\040\000E\000v\000i\000d\000e\000n\000c\000e\000\040\000B\000o\000u\000n\000d\000a\000r\000y\000\040\000A\000c\000c\000u\000r\000a\000c\000y\000\040\000L\000o\000s\000s}{section.10}% 57
\BOOKMARK [2][-]{subsection.10.17}{\376\377\000L\000C\0001\0007\000.\000\040\000T\000o\000o\000l\000-\000C\000a\000l\000l\000\040\000S\000c\000h\000e\000m\000a\000\040\000D\000e\000g\000r\000e\000e\000\040\000L\000o\000s\000s}{section.10}% 58
\BOOKMARK [2][-]{subsection.10.18}{\376\377\000L\000C\0001\0008\000.\000\040\000P\000r\000i\000v\000a\000c\000y\000\040\000a\000n\000d\000\040\000P\000e\000r\000m\000i\000s\000s\000i\000o\000n\000\040\000I\000d\000e\000a\000l\000\040\000L\000o\000s\000s}{section.10}% 59
\BOOKMARK [2][-]{subsection.10.19}{\376\377\000L\000C\0001\0009\000.\000\040\000T\000r\000o\000p\000i\000c\000a\000l\000\040\000S\000e\000g\000m\000e\000n\000t\000-\000T\000r\000e\000e\000\040\000D\000i\000s\000t\000i\000l\000l\000a\000t\000i\000o\000n}{section.10}% 60
\BOOKMARK [2][-]{subsection.10.20}{\376\377\000L\000C\0002\0000\000.\000\040\000A\000n\000s\000w\000e\000r\000\040\000S\000t\000o\000p\000p\000i\000n\000g\000-\000T\000i\000m\000e\000\040\000E\000f\000f\000i\000c\000i\000e\000n\000c\000y}{section.10}% 61
\BOOKMARK [1][-]{section.11}{\376\377\000T\000r\000a\000i\000n\000i\000n\000g\000\040\000o\000b\000j\000e\000c\000t\000i\000v\000e\000s\000\040\000a\000n\000d\000\040\000l\000o\000s\000s\000e\000s}{}% 62
\BOOKMARK [2][-]{subsection.11.1}{\376\377\000B\000a\000s\000e\000\040\000o\000b\000j\000e\000c\000t\000i\000v\000e}{section.11}% 63
\BOOKMARK [2][-]{subsection.11.2}{\376\377\000C\000o\000r\000e\000\040\000r\000e\000t\000r\000i\000e\000v\000a\000l\000\040\000o\000b\000j\000e\000c\000t\000i\000v\000e}{section.11}% 64
\BOOKMARK [2][-]{subsection.11.3}{\376\377\000F\000o\000r\000t\000y\000\040\000o\000b\000j\000e\000c\000t\000i\000v\000e\000s\000\040\000f\000o\000r\000\040\000T\000o\000r\000i\000c\000G\000T\000\040\000I\000I\000I}{section.11}% 65
\BOOKMARK [2][-]{subsection.11.4}{\376\377\000P\000a\000r\000t\000\040\000I\000:\000\040\000a\000d\000a\000p\000t\000e\000d\000\040\000T\000o\000r\000i\000c\000G\000T\000\040\000o\000b\000j\000e\000c\000t\000i\000v\000e\000s}{section.11}% 66
\BOOKMARK [2][-]{subsection.11.5}{\376\377\000P\000a\000r\000t\000\040\000I\000I\000:\000\040\000n\000e\000w\000\040\000M\000C\000P\000/\000m\000e\000m\000o\000r\000y\000/\000K\000G\000-\000n\000a\000t\000i\000v\000e\000\040\000o\000b\000j\000e\000c\000t\000i\000v\000e\000s}{section.11}% 67
\BOOKMARK [1][-]{section.12}{\376\377\000W\000o\000r\000k\000e\000d\000\040\000e\000x\000a\000m\000p\000l\000e\000s\000\040\000a\000n\000d\000\040\000e\000x\000p\000l\000i\000c\000i\000t\000\040\000c\000o\000m\000p\000u\000t\000a\000t\000i\000o\000n\000s}{}% 68
\BOOKMARK [2][-]{subsection.12.1}{\376\377\000E\000x\000a\000m\000p\000l\000e\000\040\0001\000:\000\040\000a\000\040\000m\000i\000n\000i\000m\000a\000l\000\040\000M\000C\000P\000\040\000t\000r\000a\000c\000e\000\040\000b\000e\000c\000o\000m\000e\000s\000\040\000a\000\040\000r\000e\000t\000r\000i\000e\000v\000a\000l\000\040\000c\000o\000m\000p\000l\000e\000x}{section.12}% 69
\BOOKMARK [2][-]{subsection.12.2}{\376\377\000E\000x\000a\000m\000p\000l\000e\000\040\0002\000:\000\040\000m\000a\000r\000k\000d\000o\000w\000n\000-\000m\000e\000m\000o\000r\000y\000\040\000C\000e\000c\000h\000\040\000r\000e\000s\000i\000d\000u\000a\000l}{section.12}% 70
\BOOKMARK [2][-]{subsection.12.3}{\376\377\000E\000x\000a\000m\000p\000l\000e\000\040\0003\000:\000\040\000p\000a\000t\000h\000-\000a\000l\000g\000e\000b\000r\000a\000\040\000n\000o\000r\000m\000a\000l\000\040\000f\000o\000r\000m\000\040\000i\000n\000\040\000a\000\040\000k\000n\000o\000w\000l\000e\000d\000g\000e\000\040\000g\000r\000a\000p\000h}{section.12}% 71
\BOOKMARK [2][-]{subsection.12.4}{\376\377\000E\000x\000a\000m\000p\000l\000e\000\040\0004\000:\000\040\000a\000\040\000C\000o\000x\000\040\000c\000o\000n\000t\000e\000x\000t\000\040\000c\000o\000d\000e\000\040\000w\000i\000t\000h\000\040\000i\000n\000v\000a\000l\000i\000d\000\040\000c\000o\000a\000c\000t\000i\000v\000a\000t\000i\000o\000n}{section.12}% 72
\BOOKMARK [2][-]{subsection.12.5}{\376\377\000E\000x\000a\000m\000p\000l\000e\000\040\0005\000:\000\040\000r\000e\000t\000r\000i\000e\000v\000a\000l\000\040\000p\000r\000o\000j\000e\000c\000t\000i\000o\000n\000\040\000m\000a\000r\000g\000i\000n\000\040\000c\000a\000l\000c\000u\000l\000a\000t\000i\000o\000n}{section.12}% 73
\BOOKMARK [2][-]{subsection.12.6}{\376\377\000E\000x\000a\000m\000p\000l\000e\000\040\0006\000:\000\040\000t\000a\000b\000l\000e\000a\000u\000\040\000c\000o\000m\000p\000r\000e\000s\000s\000i\000o\000n\000\040\000o\000f\000\040\000o\000n\000t\000o\000l\000o\000g\000y\000\040\000s\000c\000h\000e\000m\000a\000s}{section.12}% 74
\BOOKMARK [1][-]{section.13}{\376\377\000D\000e\000t\000a\000i\000l\000e\000d\000\040\000a\000r\000c\000h\000i\000t\000e\000c\000t\000u\000r\000e\000\040\000o\000f\000\040\000t\000h\000e\000\040\000M\000C\000P\000\040\000r\000e\000t\000r\000i\000e\000v\000a\000l\000\040\000h\000e\000a\000d}{}% 75
\BOOKMARK [2][-]{subsection.13.1}{\376\377\000F\000i\000v\000e\000-\000s\000t\000a\000g\000e\000\040\000r\000e\000t\000r\000i\000e\000v\000a\000l}{section.13}% 76
\BOOKMARK [2][-]{subsection.13.2}{\376\377\000R\000e\000t\000r\000i\000e\000v\000e\000r\000\040\000a\000s\000\040\000a\000\040\000m\000o\000r\000p\000h\000i\000s\000m\000\040\000o\000f\000\040\000s\000h\000e\000a\000f\000i\000f\000i\000e\000d\000\040\000g\000r\000a\000p\000h\000s}{section.13}% 77
\BOOKMARK [2][-]{subsection.13.3}{\376\377\000T\000r\000a\000i\000n\000i\000n\000g\000\040\000d\000a\000t\000a\000\040\000c\000o\000n\000s\000t\000r\000u\000c\000t\000i\000o\000n}{section.13}% 78
\BOOKMARK [1][-]{section.14}{\376\377\000D\000e\000p\000l\000o\000y\000m\000e\000n\000t\000\040\000b\000l\000u\000e\000p\000r\000i\000n\000t\000\040\000f\000o\000r\000\040\000a\000n\000\040\000M\000C\000P\000\040\000s\000e\000r\000v\000e\000r}{}% 79
\BOOKMARK [2][-]{subsection.14.1}{\376\377\000S\000e\000r\000v\000e\000r\000\040\000i\000n\000t\000e\000r\000f\000a\000c\000e}{section.14}% 80
\BOOKMARK [2][-]{subsection.14.2}{\376\377\000S\000t\000r\000u\000c\000t\000u\000r\000e\000d\000\040\000o\000u\000t\000p\000u\000t\000s}{section.14}% 81
\BOOKMARK [2][-]{subsection.14.3}{\376\377\000M\000e\000m\000o\000r\000y\000\040\000w\000r\000i\000t\000e\000\040\000p\000r\000o\000t\000o\000c\000o\000l}{section.14}% 82
\BOOKMARK [1][-]{section.15}{\376\377\000A\000d\000d\000i\000t\000i\000o\000n\000a\000l\000\040\000t\000h\000e\000o\000r\000e\000m\000:\000\040\000c\000o\000n\000t\000e\000x\000t\000\040\000u\000t\000i\000l\000i\000t\000y\000\040\000u\000n\000d\000e\000r\000\040\000p\000e\000r\000f\000e\000c\000t\000\040\000r\000e\000t\000r\000i\000e\000v\000a\000l}{}% 83
\BOOKMARK [1][-]{section.16}{\376\377\000R\000i\000s\000k\000\040\000c\000o\000n\000t\000r\000o\000l\000s\000\040\000a\000n\000d\000\040\000f\000a\000i\000l\000u\000r\000e\000\040\000m\000o\000d\000e\000s}{}% 84
\BOOKMARK [2][-]{subsection.16.1}{\376\377\000F\000a\000l\000s\000e\000\040\000p\000o\000s\000i\000t\000i\000v\000e\000s}{section.16}% 85
\BOOKMARK [2][-]{subsection.16.2}{\376\377\000A\000b\000l\000a\000t\000i\000o\000n\000\040\000l\000a\000d\000d\000e\000r}{section.16}% 86
\BOOKMARK [1][-]{section.17}{\376\377\000I\000m\000p\000l\000e\000m\000e\000n\000t\000a\000t\000i\000o\000n\000\040\000m\000e\000t\000h\000o\000d\000o\000l\000o\000g\000y}{}% 87
\BOOKMARK [2][-]{subsection.17.1}{\376\377\000O\000f\000f\000l\000i\000n\000e\000\040\000b\000u\000i\000l\000d}{section.17}% 88
\BOOKMARK [2][-]{subsection.17.2}{\376\377\000O\000n\000l\000i\000n\000e\000\040\000r\000e\000t\000r\000i\000e\000v\000a\000l}{section.17}% 89
\BOOKMARK [2][-]{subsection.17.3}{\376\377\000T\000r\000a\000i\000n\000i\000n\000g\000\040\000s\000c\000h\000e\000d\000u\000l\000e}{section.17}% 90
\BOOKMARK [1][-]{section.18}{\376\377\000E\000v\000a\000l\000u\000a\000t\000i\000o\000n\000\040\000p\000r\000o\000t\000o\000c\000o\000l}{}% 91
\BOOKMARK [1][-]{section.19}{\376\377\000D\000i\000s\000c\000u\000s\000s\000i\000o\000n\000\040\000a\000n\000d\000\040\000l\000i\000m\000i\000t\000a\000t\000i\000o\000n\000s}{}% 92
\BOOKMARK [1][-]{section.20}{\376\377\000C\000o\000n\000c\000l\000u\000s\000i\000o\000n}{}% 93
\BOOKMARK [1][-]{appendix.A}{\376\377\000A\000d\000d\000i\000t\000i\000o\000n\000a\000l\000\040\000p\000r\000o\000o\000f\000\040\000d\000e\000t\000a\000i\000l\000s}{}% 94
\BOOKMARK [2][-]{subsection.A.1}{\376\377\000S\000u\000b\000m\000o\000d\000u\000l\000a\000r\000\040\000c\000o\000n\000t\000e\000x\000t\000\040\000p\000a\000c\000k\000i\000n\000g}{appendix.A}% 95
\BOOKMARK [2][-]{subsection.A.2}{\376\377\000G\000r\000a\000p\000h\000\040\000e\000x\000p\000a\000n\000s\000i\000o\000n\000\040\000a\000n\000d\000\040\000r\000e\000c\000a\000l\000l}{appendix.A}% 96
\BOOKMARK [1][-]{appendix.B}{\376\377\000N\000o\000r\000m\000a\000l\000i\000z\000e\000d\000\040\000r\000e\000c\000o\000r\000d\000\040\000s\000c\000h\000e\000m\000a}{}% 97
\BOOKMARK [1][-]{appendix.C}{\376\377\000B\000i\000b\000l\000i\000o\000g\000r\000a\000p\000h\000y}{}% 98
